[    6769ms] [WARNING] WebSocket connection to 'wss://snzgcoegdjtdjagjrqhi.supabase.co/realtime/v1/websocket?apikey=sb_publishable_RsU66ud6KDGnCcexwrDrdg_ChwCwcxo&vsn=2.0.0' failed: WebSocket is closed before the connection is established. @ http://localhost:3000/_next/static/chunks/node_modules_%40supabase_9951646f._.js:3366
[  431872ms] [ERROR] Encountered two children with the same key, `%s`. Keys should be unique so that components maintain their identity across updates. Non-unique keys may cause children to be duplicated and/or omitted — the behavior is unsupported and could change in a future version. Untitled @ http://localhost:3000/_next/static/chunks/node_modules_next_dist_f3530cac._.js:3127
[  431872ms] [ERROR] Encountered two children with the same key, `%s`. Keys should be unique so that components maintain their identity across updates. Non-unique keys may cause children to be duplicated and/or omitted — the behavior is unsupported and could change in a future version. Untitled @ http://localhost:3000/_next/static/chunks/node_modules_next_dist_f3530cac._.js:3127
[  431873ms] [ERROR] Encountered two children with the same key, `%s`. Keys should be unique so that components maintain their identity across updates. Non-unique keys may cause children to be duplicated and/or omitted — the behavior is unsupported and could change in a future version. Untitled @ http://localhost:3000/_next/static/chunks/node_modules_next_dist_f3530cac._.js:3127
[  431873ms] [ERROR] Encountered two children with the same key, `%s`. Keys should be unique so that components maintain their identity across updates. Non-unique keys may cause children to be duplicated and/or omitted — the behavior is unsupported and could change in a future version. Untitled @ http://localhost:3000/_next/static/chunks/node_modules_next_dist_f3530cac._.js:3127
[  431874ms] [ERROR] In HTML, %s cannot be a descendant of <%s>.
This will cause a hydration error.%s <ul> p 

  ...
    <FocusScope asChild={true} loop={true} trapped={true} onMountAutoFocus={function handleEvent} ...>
      <Primitive.div tabIndex={-1} asChild={true} ref={function} ...>
        <Primitive.div.Slot tabIndex={-1} onKeyDown={function FocusScope.useCallback[handleKeyDown]} ref={function}>
          <Primitive.div.SlotClone tabIndex={-1} onKeyDown={function FocusScope.useCallback[handleKeyDown]} ...>
            <DismissableLayer role="alertdialog" id="radix-_r_bd_" aria-describedby="radix-_r_bf_" ...>
              <Primitive.div role="alertdialog" id="radix-_r_bd_" aria-describedby="radix-_r_bf_" ...>
                <div role="alertdialog" id="radix-_r_bd_" aria-describedby="radix-_r_bf_" aria-labelledby="radix-_r_be_" ...>
                  <AlertDialogContent.Slottable>
                    <AlertDialogHeader>
                      <div className="flex flex-...">
                        <_c5>
                        <_c7>
                          <AlertDialogDescription ref={null} className="text-sm te...">
                            <DialogDescription __scopeDialog={{Dialog:[...]}} className="text-sm te..." ref={null}>
                              <Primitive.p id="radix-_r_bf_" className="text-sm te..." ref={null}>
>                               <p id="radix-_r_bf_" className="text-sm text-muted-foreground" ref={null}>
>                                 <ul className="mt-2 space-y-1 text-xs">
                    ...
                  ...
    ...
 @ http://localhost:3000/_next/static/chunks/node_modules_next_dist_f3530cac._.js:3127
[  431874ms] [ERROR] <%s> cannot contain a nested %s.
See this log for the ancestor stack trace. p <ul> @ http://localhost:3000/_next/static/chunks/node_modules_next_dist_f3530cac._.js:3127
[  431890ms] [ERROR] Encountered two children with the same key, `%s`. Keys should be unique so that components maintain their identity across updates. Non-unique keys may cause children to be duplicated and/or omitted — the behavior is unsupported and could change in a future version. Untitled @ http://localhost:3000/_next/static/chunks/node_modules_next_dist_f3530cac._.js:3127
[  431890ms] [ERROR] Encountered two children with the same key, `%s`. Keys should be unique so that components maintain their identity across updates. Non-unique keys may cause children to be duplicated and/or omitted — the behavior is unsupported and could change in a future version. Untitled @ http://localhost:3000/_next/static/chunks/node_modules_next_dist_f3530cac._.js:3127
[  431890ms] [ERROR] Encountered two children with the same key, `%s`. Keys should be unique so that components maintain their identity across updates. Non-unique keys may cause children to be duplicated and/or omitted — the behavior is unsupported and could change in a future version. Untitled @ http://localhost:3000/_next/static/chunks/node_modules_next_dist_f3530cac._.js:3127
[  431891ms] [ERROR] Encountered two children with the same key, `%s`. Keys should be unique so that components maintain their identity across updates. Non-unique keys may cause children to be duplicated and/or omitted — the behavior is unsupported and could change in a future version. Untitled @ http://localhost:3000/_next/static/chunks/node_modules_next_dist_f3530cac._.js:3127
[  517459ms] [ERROR] Encountered two children with the same key, `%s`. Keys should be unique so that components maintain their identity across updates. Non-unique keys may cause children to be duplicated and/or omitted — the behavior is unsupported and could change in a future version. Untitled @ http://localhost:3000/_next/static/chunks/node_modules_next_dist_f3530cac._.js:3127
[  517459ms] [ERROR] Encountered two children with the same key, `%s`. Keys should be unique so that components maintain their identity across updates. Non-unique keys may cause children to be duplicated and/or omitted — the behavior is unsupported and could change in a future version. Untitled @ http://localhost:3000/_next/static/chunks/node_modules_next_dist_f3530cac._.js:3127
[  517459ms] [ERROR] Encountered two children with the same key, `%s`. Keys should be unique so that components maintain their identity across updates. Non-unique keys may cause children to be duplicated and/or omitted — the behavior is unsupported and could change in a future version. Untitled @ http://localhost:3000/_next/static/chunks/node_modules_next_dist_f3530cac._.js:3127
[  517459ms] [ERROR] Encountered two children with the same key, `%s`. Keys should be unique so that components maintain their identity across updates. Non-unique keys may cause children to be duplicated and/or omitted — the behavior is unsupported and could change in a future version. Untitled @ http://localhost:3000/_next/static/chunks/node_modules_next_dist_f3530cac._.js:3127
